nv 0 0 0 0
-9999.00 158 4 174
-0.30 191 3 207
-0.29 214 2 233
-0.28 232 0 252
-0.27 211 0 255
-0.26 175 0 255
-0.25 148 0 253
-0.24 125 0 252
-0.23 107 0 252
-0.22 86 0 253
-0.21 55 0 255
-0.20 22 0 254
-0.19 0 0 254
-0.18 0 1 255
-0.17 0 17 255
-0.16 0 53 255
-0.15 0 78 255
-0.14 7 107 255
-0.13 28 137 254
-0.12 41 160 254
-0.11 51 184 255
-0.10 62 209 255
-0.09 73 234 247
-0.08 79 249 235
-0.07 82 253 215
-0.06 83 252 188
-0.05 83 251 159
-0.04 85 254 125
-0.03 85 253 85
-0.02 83 249 41
-0.01 85 250 0
0.00 85 249 0
0.01 85 251 0
0.02 86 251 0
0.03 89 250 0
0.04 95 254 0
0.05 108 254 0
0.06 121 253 0
0.07 140 254 0
0.08 164 253 0
0.09 187 253 0
0.10 209 253 0
0.11 230 249 0
0.12 248 241 0
0.13 247 213 0
0.14 242 186 0
0.15 243 160 0
0.16 243 130 0
0.17 239 108 0
0.18 237 84 0
0.19 239 60 0
0.20 237 38 0
0.21 234 25 0
0.22 236 32 12
0.23 238 52 40
0.24 238 77 68
0.25 241 101 92
0.26 243 127 116
0.27 240 154 146
0.28 246 180 171
0.29 246 204 195
0.30 249 225 223
